
> crew-manning@0.1.0 build
> next build

Γû▓ Next.js 16.1.1 (Turbopack)
- Environments: .env

  Creating an optimized production build ...
Γ£ô Compiled successfully in 11.4s
  Running TypeScript ...
  Collecting page data using 7 workers ...
  Generating static pages using 7 workers (0/67) ...
  Generating static pages using 7 workers (16/67) 
  Generating static pages using 7 workers (33/67) 
  Generating static pages using 7 workers (50/67) 
Γ£ô Generating static pages using 7 workers (67/67) in 2.8s
  Finalizing page optimization ...

Route (app)
Γöî Γùï /
Γö£ Γùï /_not-found
Γö£ Γùï /admin/contracts
Γö£ ╞Æ /admin/contracts/[contract_id]
Γö£ Γùï /admin/crew-management
Γö£ Γùï /admin/dashboard
Γö£ Γùï /admin/interviews
Γö£ Γùï /admin/login
Γö£ Γùï /admin/one-off-crew
Γö£ Γùï /admin/seafarers
Γö£ ╞Æ /admin/seafarers/[id]
Γö£ Γùï /admin/shipowners
Γö£ ╞Æ /api/auth/login
Γö£ ╞Æ /api/auth/password-reset
Γö£ ╞Æ /api/auth/password-reset-confirm
Γö£ ╞Æ /api/auth/register/seafarer
Γö£ ╞Æ /api/auth/resend-verification
Γö£ ╞Æ /api/auth/verify-email
Γö£ ╞Æ /api/debug/documents
Γö£ ╞Æ /api/debug/external-seafarer
Γö£ ╞Æ /api/profile-image
Γö£ ╞Æ /api/seafarer/documents
Γö£ ╞Æ /api/seafarer/profile
Γö£ ╞Æ /api/seafarer/profile/create
Γö£ ╞Æ /api/seafarer/profile/photo
Γö£ ╞Æ /api/test-external-token
Γö£ ╞Æ /api/test/[id]
Γö£ ╞Æ /api/v1/admin/companies
Γö£ ╞Æ /api/v1/admin/contracts
Γö£ ╞Æ /api/v1/admin/contracts/[contract_id]
Γö£ ╞Æ /api/v1/admin/contracts/[contract_id]/approve
Γö£ ╞Æ /api/v1/admin/contracts/[contract_id]/documents
Γö£ ╞Æ /api/v1/admin/contracts/[contract_id]/reject
Γö£ ╞Æ /api/v1/admin/contracts/pending
Γö£ ╞Æ /api/v1/admin/contracts/status/approved
Γö£ ╞Æ /api/v1/admin/contracts/status/rejected
Γö£ ╞Æ /api/v1/admin/crew-management
Γö£ ╞Æ /api/v1/admin/crew-management/[request_id]
Γö£ ╞Æ /api/v1/admin/crew-management/[request_id]/approve
Γö£ ╞Æ /api/v1/admin/crew-management/[request_id]/reject
Γö£ ╞Æ /api/v1/admin/documents/[doc_id]/approve
Γö£ ╞Æ /api/v1/admin/documents/[doc_id]/notes
Γö£ ╞Æ /api/v1/admin/documents/[doc_id]/reject
Γö£ ╞Æ /api/v1/admin/documents/pending
Γö£ ╞Æ /api/v1/admin/login/admin
Γö£ ╞Æ /api/v1/admin/meetings/notify-seafarers
Γö£ ╞Æ /api/v1/admin/seafarers
Γö£ ╞Æ /api/v1/admin/seafarers/[user_id]/profile
Γö£ ╞Æ /api/v1/admin/seafarers/approved
Γö£ ╞Æ /api/v1/admin/users/[user_id]/approve
Γö£ ╞Æ /api/v1/admin/users/all
Γö£ ╞Æ /api/v1/admin/users/pending
Γö£ ╞Æ /api/v1/contracts
Γö£ ╞Æ /api/v1/contracts/[contract_id]
Γö£ ╞Æ /api/v1/contracts/[contract_id]/positions
Γö£ ╞Æ /api/v1/documents
Γö£ ╞Æ /api/v1/profile
Γö£ ╞Æ /api/v1/seafarers/documents/status
Γö£ ╞Æ /api/v1/seafarers/profile
Γö£ ╞Æ /api/v1/seafarers/profile/photo
Γö£ Γùï /contracts
Γö£ Γùï /dashboard
Γö£ Γùï /documents
Γö£ Γùï /forgot/password
Γö£ Γùï /interview
Γö£ Γùï /login
Γö£ Γùï /profile/create
Γö£ Γùï /register/seafarer
Γö£ Γùï /register/shipowner
Γö£ Γùï /register/shipowner/verify
Γö£ Γùï /reset/password
Γö£ Γùï /seafarer/contracts
Γö£ Γùï /seafarer/dashboard
Γö£ Γùï /seafarer/documents
Γö£ Γùï /seafarer/interview
Γö£ Γùï /seafarer/profile
Γö£ Γùï /shipowner/application-status
Γö£ Γùï /shipowner/contract
Γö£ Γùï /shipowner/contract-type
Γö£ Γùï /shipowner/contract-type/full
Γö£ Γùï /shipowner/contract-type/full/success
Γö£ Γùï /shipowner/contract-type/one-off
Γö£ Γùï /shipowner/contract-type/one-off/success
Γö£ Γùï /shipowner/dashboard
Γö£ Γùï /shipowner/fleet-details
Γöö Γùï /verify/email

Route (pages)
Γöî Γùï /404 (1121 ms)
Γöö Γùï /500 (1140 ms)

╞Æ Proxy (Middleware)

Γùï  (Static)   prerendered as static content
╞Æ  (Dynamic)  server-rendered on demand

